2026-10-02T05:39:19Z  glm-5.3-flash-youtube-raw: raw mode, z-ai/glm-5.3-flash, 100 questions to run, 0 already done
2026-10-02T05:39:19Z  git 2acc196ef1, questions 396649572893
2026-10-02T05:39:30Z    wrong      12s  Nirvana - Smells Like Teen Spirit (1991)  guessed The Cranberries - Zombie (1994)
2026-10-02T05:39:32Z    wrong      14s  Bruno Mars - Just the Way You Are (2010)  guessed Shawn Mendes & Camila Cabello - Señorita (2019)
2026-10-02T05:39:42Z    wrong      23s  Eminem - Without Me (2002)  guessed The Cranberries - Zombie (1994)
2026-10-02T05:39:46Z    right      27s  Guns N' Roses - November Rain (1992)
2026-10-02T05:39:49Z    right      31s  Linkin Park - Numb (2003)
2026-10-02T05:39:53Z    wrong      34s  Eminem ft. Rihanna - Love the Way You Lie (2010)  guessed Natti Natasha x Ozuna - Criminal (2017)
2026-10-02T05:39:59Z    wrong      29s  Adele - Rolling in the Deep (2010)  guessed Passenger - Let Her Go (2012)
2026-10-02T05:40:06Z    wrong      48s  The Cranberries - Zombie (1994)  guessed Linkin Park - In the End (2001)
2026-10-02T05:40:08Z    right       8s  Bruno Mars - The Lazy Song (2011)
2026-10-02T05:40:10Z    wrong      51s  a-ha - Take On Me (1985)  guessed Guns N' Roses - November Rain (1992)
2026-10-02T05:40:10Z    wrong      17s  Adele - Someone Like You (2011)  guessed John Legend - All of Me (2013)
2026-10-02T05:40:11Z    wrong      29s  Jennifer Lopez ft. Pitbull - On the Floor (2011)  guessed Ellie Goulding - Love Me Like You Do (2015)
2026-10-02T05:40:20Z    wrong      61s  Michael Jackson - Billie Jean (1983)  guessed Shawn Mendes & Camila Cabello - Señorita (2019)
2026-10-02T05:40:22Z    wrong      63s  Crazy Frog - Axel F (2009)  guessed Eminem ft. Rihanna - Love the Way You Lie (2010)
2026-10-02T05:40:27Z    wrong      16s  John Legend - All of Me (2013)  guessed Adele - Someone Like You (2011)
2026-10-02T05:40:28Z    wrong      39s  T-Series - Shree Hanuman Chalisa (2011)  guessed Masha and the Bear - Recipe for Disaster (2012)
2026-10-02T05:40:31Z    wrong      24s  Rihanna - Diamonds (2012)  guessed Adele - Rolling in the Deep (2010)
2026-10-02T05:40:43Z    right      21s  Romeo Santos - Propuesta Indecente (2013)
2026-10-02T05:40:47Z    right      88s  Queen - Bohemian Rhapsody (1975)
2026-10-02T05:40:50Z    wrong      22s  MAGIC! - Rude (2013)  guessed Adele - Hello (2015)
2026-10-02T05:40:55Z    right      24s  Avicii - Wake Me Up (2013)
2026-10-02T05:41:01Z    wrong      34s  Katy Perry - Roar (2013)  guessed Charlie Puth - Attention (2017)
2026-10-02T05:41:01Z    wrong      51s  Masha and the Bear - Recipe for Disaster (2012)  guessed Miroshka TV - Learning Colors - Colorful Eggs on a Farm (2018)
2026-10-02T05:41:10Z    wrong      50s  OneRepublic - Counting Stars (2013)  guessed Adele - Hello (2015)
2026-10-02T05:41:11Z    right      28s  Meghan Trainor - All About That Bass (2014)
2026-10-02T05:41:15Z    wrong      25s  Enrique Iglesias - Bailando (2014)  guessed Passenger - Let Her Go (2012)
2026-10-02T05:41:16Z    wrong      68s  PSY - Gangnam Style (2012)  guessed Katy Perry - Roar (2013)
2026-10-02T05:41:23Z    right     124s  Eminem - Not Afraid (2010)
2026-10-02T05:41:25Z    wrong      15s  ChuChu TV - Phonics Song with Two Words (2014)  guessed Miroshka TV - Learning Colors - Colorful Eggs on a Farm (2018)
2026-10-02T05:41:32Z    right      31s  Katy Perry ft. Juicy J - Dark Horse (2014)
2026-10-02T05:41:38Z    wrong      43s  Taylor Swift - Blank Space (2014)  guessed Rihanna - Diamonds (2012)
2026-10-02T05:41:38Z    wrong      51s  J Balvin - Ay Vamos (2014)  guessed Shakira ft. Maluma - Chantaje (2016)
2026-10-02T05:41:46Z    wrong     147s  Lady Gaga - Bad Romance (2009)  guessed Ellie Goulding - Love Me Like You Do (2015)
2026-10-02T05:41:47Z    right      22s  Adele - Hello (2015)
2026-10-02T05:41:55Z    wrong      17s  Wiz Khalifa ft. Charlie Puth - See You Again (2015)  guessed Adele - Hello (2015)
2026-10-02T05:42:10Z    wrong      22s  twenty one pilots - Stressed Out (2015)  guessed Alan Walker - Faded (2015)
2026-10-02T05:42:12Z    wrong      40s  Major Lazer & DJ Snake ft. MØ - Lean On (2015)  guessed Avicii - Wake Me Up (2013)
2026-10-02T05:42:25Z    wrong      84s  Sia - Chandelier (2014)  guessed Adele - Rolling in the Deep (2010)
2026-10-02T05:42:48Z    wrong     209s  Linkin Park - In the End (2001)  guessed Guns N' Roses - November Rain (1992)
2026-10-02T05:42:54Z    wrong      90s  Alan Walker - Faded (2015)  guessed twenty one pilots - Heathens (2016)
2026-10-02T05:43:00Z    wrong      36s  Pinkfong - Baby Shark Dance (2016)  guessed Miroshka TV - Learning Colors - Colorful Eggs on a Farm (2018)
2026-10-02T05:43:13Z    wrong     117s  Mark Ronson ft. Bruno Mars - Uptown Funk (2014)  guessed Charlie Puth - Attention (2017)
2026-10-02T05:43:25Z    wrong     107s  Ellie Goulding - Love Me Like You Do (2015)  guessed Charlie Puth - Attention (2017)
2026-10-02T05:43:56Z    right     226s  Passenger - Let Her Go (2012)
2026-10-02T05:44:08Z    wrong      55s  twenty one pilots - Heathens (2016)  guessed Imagine Dragons - Believer (2017)
2026-10-02T05:44:08Z    wrong      68s  The Chainsmokers ft. Halsey - Closer (2016)  guessed Avicii - Wake Me Up (2013)
2026-10-02T05:44:36Z    wrong      41s  LooLoo Kids - Johny Johny Yes Papa (2016)  guessed Miroshka TV - Learning Colors - Colorful Eggs on a Farm (2018)
2026-10-02T05:44:56Z    wrong     222s  Ed Sheeran - Thinking Out Loud (2014)  guessed Adele - Hello (2015)
2026-10-02T05:44:59Z    wrong      22s  Ariana Grande ft. Nicki Minaj - Side to Side (2016)  guessed The Weeknd ft. Daft Punk - Starboy (2016)
2026-10-02T05:45:13Z    right     139s  Sia ft. Sean Paul - Cheap Thrills (2016)
2026-10-02T05:45:17Z    wrong      69s  Carlos Vives & Shakira - La Bicicleta (2016)  guessed Romeo Santos - Propuesta Indecente (2013)
2026-10-02T05:45:31Z    wrong     202s  Justin Bieber - What Do You Mean? (2015)  guessed Ed Sheeran - Thinking Out Loud (2014)
2026-10-02T05:45:43Z    wrong     271s  Taylor Swift - Shake It Off (2014)  guessed Ed Sheeran - Perfect (2017)
2026-10-02T05:45:56Z    wrong     189s  Shakira ft. Maluma - Chantaje (2016)  guessed Natti Natasha x Ozuna - Criminal (2017)
2026-10-02T05:46:02Z    wrong      49s  Shawn Mendes - Treat You Better (2016)  guessed Adele - Hello (2015)
2026-10-02T05:46:12Z    right      10s  Luis Fonsi ft. Daddy Yankee - Despacito (2017)
2026-10-02T05:46:16Z    wrong     417s  Justin Bieber ft. Ludacris - Baby (2010)  guessed Charlie Puth - Attention (2017)
2026-10-02T05:46:27Z    wrong      44s  MC Fioti - Bum Bum Tam Tam (2017)  guessed Becky G ft. Bad Bunny - Mayores (2017)
2026-10-02T05:46:47Z    right      90s  Charlie Puth - Attention (2017)
2026-10-02T05:46:52Z    right     306s  Justin Bieber - Sorry (2015)
2026-10-02T05:46:58Z    wrong      31s  J Balvin & Willy William - Mi Gente (2017)  guessed DJ Snake ft. Selena Gomez, Ozuna & Cardi B - Taki Taki (2018)
2026-10-02T05:47:02Z    wrong     174s  Clean Bandit ft. Sean Paul & Anne-Marie - Rockabye (2016)  guessed Eminem - Not Afraid (2010)
2026-10-02T05:47:07Z    wrong     295s  BLACKPINK - BOOMBAYAH (2016)  guessed BTS - Dynamite (2020)
2026-10-02T05:47:10Z    wrong      23s  Dua Lipa - New Rules (2017)  guessed Shawn Mendes & Camila Cabello - Señorita (2019)
2026-10-02T05:47:19Z    wrong      83s  Natti Natasha x Ozuna - Criminal (2017)  guessed J Balvin - Ay Vamos (2014)
2026-10-02T05:47:22Z    wrong      12s  Bruno Mars - That's What I Like (2017)  guessed OneRepublic - Counting Stars (2013)
2026-10-02T05:47:32Z    right      40s  Ed Sheeran - Perfect (2017)
2026-10-02T05:47:36Z    wrong     124s  Imagine Dragons - Believer (2017)  guessed El Chombo - Dame Tu Cosita (2018)
2026-10-02T05:47:37Z    wrong      85s  Maluma - Felices los 4 (2017)  guessed Charlie Puth - Attention (2017)
2026-10-02T05:47:41Z    wrong      10s  CoComelon - Baa Baa Black Sheep (2018)  guessed Miroshka TV - Learning Colors - Colorful Eggs on a Farm (2018)
2026-10-02T05:48:02Z    right      21s  BLACKPINK - DDU-DU DDU-DU (2018)
2026-10-02T05:48:08Z    wrong      46s  Luis Fonsi & Demi Lovato - Échame la Culpa (2017)  guessed Miroshka TV - Learning Colors - Colorful Eggs on a Farm (2018)
2026-10-02T05:48:16Z    wrong     291s  Coldplay - Hymn for the Weekend (2016)  guessed twenty one pilots - Stressed Out (2015)
2026-10-02T05:48:33Z    wrong      91s  The Chainsmokers & Coldplay - Something Just Like This (2017)  guessed Alan Walker - Faded (2015)
2026-10-02T05:48:44Z    right      11s  Miroshka TV - Learning Colors - Colorful Eggs on a Farm (2018)
2026-10-02T05:48:44Z    wrong      68s  Pedro Capó & Farruko - Calma (Remix) (2018)  guessed Natti Natasha x Ozuna - Criminal (2017)
2026-10-02T05:48:48Z    right     230s  Calvin Harris ft. Rihanna - This Is What You Came For (2016)
2026-10-02T05:48:55Z    right      80s  CoComelon - Bath Song (2018)
2026-10-02T05:49:39Z    wrong      51s  CoComelon - Wheels on the Bus (2018)  guessed Miroshka TV - Learning Colors - Colorful Eggs on a Farm (2018)
2026-10-02T05:49:48Z    wrong       8s  CoComelon - Yes Yes Vegetables Song (2018)  guessed Miroshka TV - Learning Colors - Colorful Eggs on a Farm (2018)
2026-10-02T05:49:55Z    wrong     623s  Shakira - Waka Waka (This Time for Africa) (2010)  guessed MC Fioti - Bum Bum Tam Tam (2017)
2026-10-02T05:49:58Z    wrong      10s  BTS ft. Halsey - Boy With Luv (2019)  guessed BLACKPINK - Kill This Love (2019)
2026-10-02T05:50:01Z    wrong      77s  Becky G & Natti Natasha - Sin Pijama (2018)  guessed Natti Natasha x Ozuna - Criminal (2017)
2026-10-02T05:50:14Z    wrong     655s  Guns N' Roses - Sweet Child O' Mine (1987)  guessed Guns N' Roses - November Rain (1992)
2026-10-02T05:50:21Z    wrong     636s  LMFAO - Party Rock Anthem (2011)  guessed The Chainsmokers & Coldplay - Something Just Like This (2017)
2026-10-02T05:50:53Z    wrong      52s  Shawn Mendes & Camila Cabello - Señorita (2019)  guessed Ellie Goulding - Love Me Like You Do (2015)
2026-10-02T05:51:05Z    wrong     226s  Imagine Dragons - Thunder (2017)  guessed Adele - Someone Like You (2011)
2026-10-02T05:51:08Z    wrong     144s  DJ Snake ft. Selena Gomez, Ozuna & Cardi B - Taki Taki (2018)  guessed Maluma - Felices los 4 (2017)
2026-10-02T05:51:22Z    wrong     146s  Nicky Jam x J Balvin - X (Equis) (2018)  guessed Luis Fonsi & Demi Lovato - Échame la Culpa (2017)
2026-10-02T05:51:28Z    right     573s  Maroon 5 - Sugar (2015)
2026-10-02T05:51:39Z    right     324s  Becky G ft. Bad Bunny - Mayores (2017)
2026-10-02T05:52:10Z    wrong     241s  Daddy Yankee - Dura (2018)  guessed Luis Fonsi ft. Daddy Yankee - Despacito (2017)
2026-10-02T05:53:19Z    wrong     204s  Daddy Yankee & Snow - Con Calma (2019)  guessed Becky G ft. Bad Bunny - Mayores (2017)
2026-10-02T06:34:38Z  glm-5.3-flash-youtube-raw: raw mode, z-ai/glm-5.3-flash, 37 questions to run, 63 already done
2026-10-02T06:34:38Z  git 3b0b820c05, questions 396649572893
2026-10-02T06:35:23Z    right      45s  Luis Fonsi ft. Daddy Yankee - Despacito (2017)
2026-10-02T06:35:41Z    wrong      64s  Shawn Mendes - Treat You Better (2016)  guessed OneRepublic - Counting Stars (2013)
2026-10-02T06:35:51Z    wrong      73s  Natti Natasha x Ozuna - Criminal (2017)  guessed Maluma - Felices los 4 (2017)
2026-10-02T06:35:51Z    right      73s  Charlie Puth - Attention (2017)
2026-10-02T06:38:08Z    wrong     211s  Calvin Harris ft. Rihanna - This Is What You Came For (2016)  guessed BLACKPINK - BOOMBAYAH (2016)
2026-10-02T06:38:41Z    wrong     198s  Maluma - Felices los 4 (2017)  guessed Charlie Puth - Attention (2017)
2026-10-02T06:38:48Z    wrong      39s  Ed Sheeran - Perfect (2017)  guessed Ellie Goulding - Love Me Like You Do (2015)
2026-10-02T06:39:14Z    wrong      32s  Ed Sheeran - Shape of You (2017)  guessed Rihanna - Diamonds (2012)
2026-10-02T06:39:18Z    wrong      30s  The Chainsmokers & Coldplay - Something Just Like This (2017)  guessed Charlie Puth - Attention (2017)
2026-10-02T06:39:28Z    wrong      11s  Bruno Mars - That's What I Like (2017)  guessed Justin Bieber - What Do You Mean? (2015)
2026-10-02T06:39:40Z    wrong      11s  Imagine Dragons - Thunder (2017)  guessed Adele - Someone Like You (2011)
2026-10-02T06:40:41Z    wrong     363s  The Weeknd ft. Daft Punk - Starboy (2016)  guessed Charlie Puth - Attention (2017)
2026-10-02T06:41:02Z    wrong      21s  CoComelon - Baa Baa Black Sheep (2018)  guessed Miroshka TV - Learning Colors - Colorful Eggs on a Farm (2018)
2026-10-02T06:41:36Z    wrong      34s  CoComelon - Bath Song (2018)  guessed Wiz Khalifa ft. Charlie Puth - See You Again (2015)
2026-10-02T06:43:02Z    wrong     431s  Dua Lipa - New Rules (2017)  guessed Shawn Mendes & Camila Cabello - Señorita (2019)
2026-10-02T06:43:19Z    right      16s  BLACKPINK - DDU-DU DDU-DU (2018)
2026-10-02T06:43:33Z    wrong     462s  J Balvin & Willy William - Mi Gente (2017)  guessed DJ Snake ft. Selena Gomez, Ozuna & Cardi B - Taki Taki (2018)
2026-10-02T06:44:09Z    wrong      51s  El Chombo - Dame Tu Cosita (2018)  guessed Ariana Grande ft. Nicki Minaj - Side to Side (2016)
2026-10-02T06:44:22Z    wrong     308s  Jason Derulo ft. Nicki Minaj & Ty Dolla $ign - Swalla (2017)  guessed Ed Sheeran - Shape of You (2017)
2026-10-02T06:45:14Z    wrong     572s  Becky G ft. Bad Bunny - Mayores (2017)  guessed Natti Natasha x Ozuna - Criminal (2017)
2026-10-02T06:45:55Z    wrong     106s  Maroon 5 ft. Cardi B - Girls Like You (2018)  guessed Shawn Mendes - Treat You Better (2016)
2026-10-02T06:46:15Z    right      20s  DJ Snake ft. Selena Gomez, Ozuna & Cardi B - Taki Taki (2018)
2026-10-02T06:46:29Z    wrong      15s  CoComelon - Wheels on the Bus (2018)  guessed Miroshka TV - Learning Colors - Colorful Eggs on a Farm (2018)
2026-10-02T06:46:32Z    wrong     296s  Pedro Capó & Farruko - Calma (Remix) (2018)  guessed Maluma - Felices los 4 (2017)
2026-10-02T06:46:44Z    wrong      12s  CoComelon - Yes Yes Vegetables Song (2018)  guessed Miroshka TV - Learning Colors - Colorful Eggs on a Farm (2018)
2026-10-02T06:46:54Z    wrong      11s  BTS ft. Halsey - Boy With Luv (2019)  guessed Avicii - Wake Me Up (2013)
2026-10-02T06:47:06Z    right      37s  Nicky Jam x J Balvin - X (Equis) (2018)
2026-10-02T06:47:12Z    wrong     452s  Luis Fonsi & Demi Lovato - Échame la Culpa (2017)  guessed None
2026-10-02T06:48:59Z    wrong     225s  Becky G & Natti Natasha - Sin Pijama (2018)  guessed DJ Snake ft. Selena Gomez, Ozuna & Cardi B - Taki Taki (2018)
2026-10-02T06:49:13Z    wrong      14s  BTS - Dynamite (2020)  guessed Shawn Mendes & Camila Cabello - Señorita (2019)
2026-10-02T06:49:41Z    wrong     367s  Daddy Yankee - Dura (2018)  guessed Luis Fonsi ft. Daddy Yankee - Despacito (2017)
2026-10-02T06:49:52Z    wrong     177s  Daddy Yankee & Snow - Con Calma (2019)  guessed Luis Fonsi ft. Daddy Yankee - Despacito (2017)
2026-10-02T06:51:45Z    right     272s  Shawn Mendes & Camila Cabello - Señorita (2019)
2026-10-02T06:52:10Z    wrong     468s  Miroshka TV - Learning Colors - Colorful Eggs on a Farm (2018)  guessed CoComelon - Baa Baa Black Sheep (2018)
2026-10-02T06:53:27Z    wrong     381s  BLACKPINK - Kill This Love (2019)  guessed PSY - Gangnam Style (2012)
2026-10-02T06:55:11Z    wrong    1234s  MC Fioti - Bum Bum Tam Tam (2017)  guessed Becky G ft. Bad Bunny - Mayores (2017)
2026-10-02T06:56:27Z    wrong    1309s  Imagine Dragons - Believer (2017)  guessed El Chombo - Dame Tu Cosita (2018)
2026-10-02T06:56:27Z  
z-ai/glm-5.3-flash: 20/100 = 20.0%, 0 errors, 1 unparsed, 0 leaks, 0 tried to download a video, cost $0.55
2026-10-02T06:56:27Z  chance is 10%. results in results/youtube/20261002-053919-glm-5.3-flash-youtube-raw
