2026-10-02T05:11:52Z  glm-5.3-flash-films-raw: raw mode, z-ai/glm-5.3-flash, 100 questions to run, 0 already done
2026-10-02T05:11:52Z  git e2b39f87f3, questions 4214952f1a88
2026-10-02T05:12:04Z    wrong      12s  The Red Shoes (1948)  guessed Aguirre, the Wrath of God (1972)
2026-10-02T05:12:05Z    wrong      12s  Black Narcissus (1947)  guessed I, Frankenstein (2014)
2026-10-02T05:12:09Z    wrong      17s  House on Haunted Hill (1959)  guessed Carnival of Souls (1962)
2026-10-02T05:12:13Z    wrong      20s  The Kid (1921)  guessed Metropolis (1927)
2026-10-02T05:12:15Z    wrong      22s  The Lady Vanishes (1938)  guessed Carnival of Souls (1962)
2026-10-02T05:12:23Z    wrong      30s  Charade (1963)  guessed Trespass (2011)
2026-10-02T05:12:30Z    wrong      37s  Metropolis (1927)  guessed Night of the Living Dead (1968)
2026-10-02T05:12:39Z    right      47s  Nosferatu (1922)
2026-10-02T05:12:46Z    wrong      41s  Zulu (1964)  guessed The Eagle Has Landed (1976)
2026-10-02T05:12:48Z    wrong      55s  Carnival of Souls (1962)  guessed Night of the Living Dead (1968)
2026-10-02T05:13:09Z    wrong      77s  The Little Shop of Horrors (1960)  guessed Carnival of Souls (1962)
2026-10-02T05:13:19Z    wrong      31s  Capricorn One (1978)  guessed Aguirre, the Wrath of God (1972)
2026-10-02T05:13:23Z    wrong      90s  The 39 Steps (1935)  guessed All Quiet on the Western Front (1930)
2026-10-02T05:13:23Z    wrong      90s  All Quiet on the Western Front (1930)  guessed House on Haunted Hill (1959)
2026-10-02T05:13:29Z    wrong      66s  Black Christmas (1974)  guessed Manos: The Hands of Fate (1966)
2026-10-02T05:13:29Z    wrong      50s  Assault on Precinct 13 (1976)  guessed Pacific Heights (1990)
2026-10-02T05:13:30Z    right      75s  Aguirre, the Wrath of God (1972)
2026-10-02T05:13:34Z    wrong      48s  The Eagle Has Landed (1976)  guessed Aguirre, the Wrath of God (1972)
2026-10-02T05:13:54Z    right      31s  On Golden Pond (1981)
2026-10-02T05:13:55Z    wrong      32s  Prom Night (1980)  guessed Nosferatu the Vampyre (1979)
2026-10-02T05:13:56Z    wrong     123s  The Passion of Joan of Arc (1928)  guessed Metropolis (1927)
2026-10-02T05:14:05Z    wrong      46s  Nosferatu the Vampyre (1979)  guessed Manos: The Hands of Fate (1966)
2026-10-02T05:14:15Z    right     143s  Battleship Potemkin (1925)
2026-10-02T05:14:16Z    wrong      42s  Day of the Dead (1985)  guessed Nosferatu the Vampyre (1979)
2026-10-02T05:14:19Z    right     146s  The General (1926)
2026-10-02T05:14:32Z    wrong     160s  His Girl Friday (1940)  guessed Metropolis (1927)
2026-10-02T05:14:36Z    wrong      42s  Pacific Heights (1990)  guessed Before the Devil Knows You're Dead (2007)
2026-10-02T05:14:41Z    wrong      46s  The Lawnmower Man (1992)  guessed The Host (2013)
2026-10-02T05:14:45Z    wrong      76s  Sophie's Choice (1982)  guessed The Illusionist (2006)
2026-10-02T05:14:46Z    wrong      28s  Sliding Doors (1998)  guessed The Little Hours (2017)
2026-10-02T05:14:51Z    wrong      36s  An American Werewolf in Paris (1997)  guessed Manos: The Hands of Fate (1966)
2026-10-02T05:15:01Z    right      92s  Fitzcarraldo (1982)
2026-10-02T05:15:03Z    wrong      47s  Legionnaire (1998)  guessed Jane Got a Gun (2015)
2026-10-02T05:15:07Z    wrong     118s  The Boys from Brazil (1978)  guessed On Golden Pond (1981)
2026-10-02T05:15:13Z    wrong      32s  Chopper (2000)  guessed The Pledge (2001)
2026-10-02T05:15:13Z    wrong      68s  The Last Seduction (1994)  guessed Before the Devil Knows You're Dead (2007)
2026-10-02T05:15:19Z    wrong      16s  Half Nelson (2006)  guessed The Illusionist (2006)
2026-10-02T05:15:23Z    wrong      22s  Candy (2006)  guessed The Illusionist (2006)
2026-10-02T05:15:38Z    right      18s  The Illusionist (2006)
2026-10-02T05:15:40Z    wrong      64s  Existenz (1999)  guessed Automata (2014)
2026-10-02T05:15:42Z    wrong      35s  Man of the Year (2006)  guessed The Little Hours (2017)
2026-10-02T05:15:42Z    wrong     213s  Manos: The Hands of Fate (1966)  guessed Prom Night (1980)
2026-10-02T05:15:44Z    wrong      31s  Paris, Je T'aime (2006)  guessed Candy (2006)
2026-10-02T05:15:50Z    wrong      10s  Georgia Rule (2007)  guessed The Little Hours (2017)
2026-10-02T05:16:00Z    right      75s  The Pledge (2001)
2026-10-02T05:16:01Z    wrong      48s  The Contract (2006)  guessed Jane Got a Gun (2015)
2026-10-02T05:16:11Z    right      21s  Transsiberian (2008)
2026-10-02T05:16:13Z    wrong      31s  The Messengers (2007)  guessed Day of the Dead (1985)
2026-10-02T05:16:15Z    right      38s  Before the Devil Knows You're Dead (2007)
2026-10-02T05:16:25Z    wrong      62s  1408 (2007)  guessed A Monster in Paris (2011)
2026-10-02T05:16:26Z    wrong      25s  Leaves of Grass (2009)  guessed Detachment (2011)
2026-10-02T05:16:32Z    wrong      19s  The Rebound (2009)  guessed Leaves of Grass (2009)
2026-10-02T05:16:33Z    wrong      18s  The Extraordinary Adventures of Adèle Blanc-Sec (2010)  guessed Fitzcarraldo (1982)
2026-10-02T05:16:35Z    wrong      53s  The Air I Breathe (2007)  guessed Before the Devil Knows You're Dead (2007)
2026-10-02T05:16:35Z    wrong      11s  The Warrior's Way (2010)  guessed Jane Got a Gun (2015)
2026-10-02T05:16:42Z    right      31s  The Haunting in Connecticut (2009)
2026-10-02T05:16:43Z    wrong     131s  Arlington Road (1999)  guessed The Pledge (2001)
2026-10-02T05:16:58Z    wrong      32s  A Monster in Paris (2011)  guessed Paris, Je T'aime (2006)
2026-10-02T05:17:15Z    wrong     149s  The Importance of Being Earnest (2002)  guessed Existenz (1999)
2026-10-02T05:17:20Z    wrong      23s  Trespass (2011)  guessed Before the Devil Knows You're Dead (2007)
2026-10-02T05:17:21Z    wrong     206s  The Exorcist III (1990)  guessed Nosferatu the Vampyre (1979)
2026-10-02T05:17:29Z    wrong       8s  The Host (2013)  guessed Automata (2014)
2026-10-02T05:17:32Z    wrong      50s  Silent House (2011)  guessed Apollo 18 (2011)
2026-10-02T05:17:33Z    wrong      61s  Apollo 18 (2011)  guessed Nosferatu the Vampyre (1979)
2026-10-02T05:17:34Z    right      61s  Detachment (2011)
2026-10-02T05:17:36Z    right      95s  Bad Lieutenant: Port of Call New Orleans (2009)
2026-10-02T05:17:36Z    wrong      60s  Rampart (2011)  guessed Before the Devil Knows You're Dead (2007)
2026-10-02T05:17:51Z    wrong      36s  Killing Season (2013)  guessed Jane Got a Gun (2015)
2026-10-02T05:17:58Z    wrong      24s  Beauty and the Beast (2014)  guessed Knight of Cups (2015)
2026-10-02T05:18:09Z    wrong      34s  Draft Day (2014)  guessed Detachment (2011)
2026-10-02T05:18:11Z    wrong      95s  Puncture (2011)  guessed Candy (2006)
2026-10-02T05:18:17Z    wrong      41s  I, Frankenstein (2014)  guessed The Haunting in Connecticut (2009)
2026-10-02T05:18:20Z    wrong      60s  Side Effects (2013)  guessed Chopper (2000)
2026-10-02T05:18:22Z    wrong      12s  Little Boy (2015)  guessed The Eagle Has Landed (1976)
2026-10-02T05:18:29Z    wrong      57s  Automata (2014)  guessed Apollo 18 (2011)
2026-10-02T05:18:37Z    wrong     114s  Take Me Home Tonight (2011)  guessed The Little Hours (2017)
2026-10-02T05:18:52Z    wrong      34s  Southpaw (2015)  guessed I, Frankenstein (2014)
2026-10-02T05:18:57Z    right      88s  99 Homes (2014)
2026-10-02T05:18:58Z    wrong     194s  The Accidental Husband (2008)  guessed The General (1926)
2026-10-02T05:19:10Z    wrong      50s  The Gunman (2015)  guessed Killing Season (2013)
2026-10-02T05:19:11Z    wrong      49s  Brain on Fire (2016)  guessed The Haunting in Connecticut (2009)
2026-10-02T05:19:23Z    wrong      54s  Fifty Shades of Black (2016)  guessed Knight of Cups (2015)
2026-10-02T05:19:27Z    wrong      89s  Jane Got a Gun (2015)  guessed The Gunman (2015)
2026-10-02T05:19:28Z    wrong     358s  Sleepaway Camp (1983)  guessed Nosferatu the Vampyre (1979)
2026-10-02T05:19:30Z    wrong      81s  Knight of Cups (2015)  guessed I, Frankenstein (2014)
2026-10-02T05:19:43Z    right      46s  The Little Hours (2017)
2026-10-02T05:19:50Z    wrong      52s  Wish Upon (2017)  guessed Silent House (2011)
2026-10-02T05:19:53Z    wrong      61s  Security (2017)  guessed Prospect (2018)
2026-10-02T05:19:54Z    wrong     140s  Before I Go to Sleep (2014)  guessed The Pledge (2001)
2026-10-02T05:19:59Z    wrong      33s  The Man Who Killed Don Quixote (2018)  guessed Jane Got a Gun (2015)
2026-10-02T05:20:09Z    wrong     318s  Boogeyman (2005)  guessed Day of the Dead (1985)
2026-10-02T05:20:40Z    right      78s  Prospect (2018)
2026-10-02T05:21:23Z    wrong     166s  The Infiltrator (2016)  guessed Detachment (2011)
2026-10-02T05:21:37Z    wrong     565s  Night of the Living Dead (1968)  guessed House on Haunted Hill (1959)
2026-10-02T05:23:18Z    wrong     248s  American Animals (2018)  guessed Southpaw (2015)
2026-10-02T05:25:31Z    error     380s  Midnight Sun (2018)  IncompleteRead(1397 bytes read)
2026-10-02T05:25:31Z    wrong     782s  Dark Star (1974)  guessed None
2026-10-02T05:27:24Z    wrong     920s  The Last Man on Earth (1964)  guessed None
2026-10-02T05:36:38Z    wrong    1030s  Villains (2019)  guessed Apollo 18 (2011)
2026-10-02T05:39:18Z    wrong    1287s  Stonehearst Asylum (2014)  guessed None
2026-10-02T05:39:18Z  
z-ai/glm-5.3-flash: 16/100 = 16.0%, 1 errors, 3 unparsed, 0 leaks, cost $0.43
2026-10-02T05:39:18Z  chance is 10%. results in results/films/20261002-051152-glm-5.3-flash-films-raw
2026-10-02T06:56:31Z  glm-5.3-flash-films-raw: raw mode, z-ai/glm-5.3-flash, 1 questions to run, 99 already done
2026-10-02T06:56:31Z  git 3b0b820c05, questions 4214952f1a88
2026-10-02T06:57:24Z    wrong      52s  Midnight Sun (2018)  guessed Detachment (2011)
2026-10-02T06:57:24Z  
z-ai/glm-5.3-flash: 16/100 = 16.0%, 0 errors, 3 unparsed, 0 leaks, 0 tried to download a video, cost $0.43
2026-10-02T06:57:24Z  chance is 10%. results in results/films/20261002-051152-glm-5.3-flash-films-raw
